{
  "Title": "Dr. Dre Presents... The Aftermath",
  "Cover": "https://www.musicmeter.nl/images/cover/13000/13039.jpg",
  "Artist": null,
  "Year": 1996,
  "ReleaseDate": "1996-11-26T00:00:00",
  "Rating": 2.69,
  "Label": "Aftermath (II)",
  "Genre": "Hip-Hop / R&B",
  "Tracks": [
    {
      "Title": "Aftermath (The Intro)",
      "Artists": [
        "Dr. Dre"
      ]
    },
    {
      "Title": "East Coast-West Coast Killas",
      "Artists": [
        "Group Therapy"
      ]
    },
    {
      "Title": "Shittin' on the World",
      "Artists": [
        "Mel-Man"
      ]
    },
    {
      "Title": "Blunt Time",
      "Artists": [
        "RBX"
      ]
    },
    {
      "Title": "Been There, Done That",
      "Artists": [
        "Dr. Dre"
      ]
    },
    {
      "Title": "Choices",
      "Artists": [
        "Kim Summerson"
      ]
    },
    {
      "Title": "As the World Keeps Turning",
      "Artists": [
        "Miscellaneous"
      ]
    },
    {
      "Title": "Got Me Open",
      "Artists": [
        "Hands-On"
      ]
    },
    {
      "Title": "Str-8 Gone",
      "Artists": [
        "King Tee"
      ]
    },
    {
      "Title": "Please",
      "Artists": [
        "Maurice Wilcher"
      ]
    },
    {
      "Title": "Do 4 Love",
      "Artists": [
        "Jheryl Lockhart"
      ]
    },
    {
      "Title": "Sexy Dance",
      "Artists": [
        "RC"
      ]
    },
    {
      "Title": "No Second Chance",
      "Artists": [
        "Who'z Who"
      ]
    },
    {
      "Title": "L.A.W. (Lyrical Assault Weapon)",
      "Artists": [
        "Sharief"
      ]
    },
    {
      "Title": "Nationowl",
      "Artists": [
        "Nowl"
      ]
    },
    {
      "Title": "Fame",
      "Artists": [
        "RC",
        "King Tee"
      ]
    }
  ],
  "IsCompilation": true
}
